[

{
	"message": "Aufgebende Seite (BC Feder 1) hatte bereits gewonnen",
	"teammatch_id": "5",
	"match_id": "34"
},
{
	"match_id": "35",
	"message": "Bei Aufgabe muss der Punktestand zum Gewinn(z.B. 21) ergänzt werden",
	"teammatch_id": "5"
},
{
	"match_id": "36",
	"message": "Bei Aufgabe muss der Punktestand zum Gewinn(z.B. 21) ergänzt werden",
	"teammatch_id": "5"
},
{
	"match_id": "37",
	"message": "Bei Aufgabe muss der Punktestand zum Gewinn(z.B. 21) ergänzt werden",
	"teammatch_id": "5"
},
{
	"match_id": "40",
	"message": "Aufgebende Seite hat keine Spieler (nicht gespielt?)",
	"teammatch_id": "5"
},

{
	"match_id": "112",
	"teammatch_id": "14",
	"message": "Spielaufgabe im GD, aber kein Eintrag im Feld \"Spielaufgabe\" (§65.7.1 SpO)"
}

]