[

{
	"match_id": "206",
	"message": "Spiel nicht abgeschlossen (Stand 21-23 21-5)",
	"teammatch_id": "26"
},
{
	"match_id": "208",
	"message": "Spiel nicht abgeschlossen (Stand 21-5 20-5)",
	"teammatch_id": "26"
}

]
