[

{
	"message": "Eintrag im Feld \"vorgesehene Ersatzspieler\" unterhalb Verbandsliga (vgl. ยง61.3 SpO)",
	"teammatch_id": "1"
}

]