[
{
	"message": "Einzel falsch aufgestellt: Daniel2 BCFl2 (01-bcf-male2) ist VRL #2 und hat 1. HE gespielt. Daniel1 BCFl1 (01-bcf-male1) ist VRL #1 und hat 2. HE gespielt.",
	"teammatch_id": "10"
},
{
	"message": "Doppel falsch aufgestellt: 1. HD 01-fv-m2 vorname 01-fv-m2 nachname DVRL #2 / 01-fv-m3 vorname 01-fv-m3 nachname DVRL #3.\n2. HD 01-fv-m1 vorname 01-fv-m1 nachname DVRL #1 / 01-fv-m4 vorname 01-fv-m4 nachname DVRL #4.",
	"teammatch_id": "10"
},
{
	"message": "Einzel falsch aufgestellt: 01-fv-m7 vorname 01-fv-m7 nachname (01-fv-m7) ist VRL #7 und hat 2. HE gespielt. 01-fv-m3 vorname 01-fv-m3 nachname (01-fv-m3) ist VRL #3 und hat 3. HE gespielt.",
	"teammatch_id": "10"
},
{
	"match_id": "82",
	"teammatch_id": "11",
	"message": "Kein O19-VRL-Eintrag für Nichtaktive BCFl13 (01-bcf-inactive) bei BC Feder 1."
},
{
	"message": "Einzel falsch aufgestellt: Daniel2 BCFl2 (01-bcf-male2) ist VRL #2 und hat 1. HE gespielt. Daniel1 BCFl1 (01-bcf-male1) ist VRL #1 und hat 2. HE gespielt.",
	"teammatch_id": "11"
},
{
	"message": "Doppel falsch aufgestellt: 1. HD 01-fv-m2 vorname 01-fv-m2 nachname DVRL #2 / 01-fv-m3 vorname 01-fv-m3 nachname DVRL #3.\n2. HD 01-fv-m1 vorname 01-fv-m1 nachname DVRL #1 / 01-fv-m4 vorname 01-fv-m4 nachname DVRL #4.",
	"teammatch_id": "11"
},
{
	"message": "Einzel falsch aufgestellt: 01-fv-m7 vorname 01-fv-m7 nachname (01-fv-m7) ist VRL #7 und hat 2. HE gespielt. 01-fv-m3 vorname 01-fv-m3 nachname (01-fv-m3) ist VRL #3 und hat 3. HE gespielt.",
	"teammatch_id": "11"
},

{
	"match_id": "81",
	"message": "01-tt-m4 vor 01-tt-m4 nach (01-tt-m4) ist Spieler von (01-1009-2) TopTeam 2, hat aber für die tiefere Mannschaft (01-1009-3) TopTeam 3 gespielt",
	"teammatch_id": "13"
}

]