[
{
	"message": "Der 1. Spieler im Mixed von FV 1 (01-fv-f2 nachname 01-fv-f2 vorname) sollte ein Herr sein - Spieler vertauscht?",
	"match_id": "16",
	"teammatch_id": "2"
}, {
	"message": "Der 2. Spieler im Mixed von FV 1 (01-fv-m4 nachname 01-fv-m4 vorname) sollte eine Dame sein - Spieler vertauscht?",
	"match_id": "16",
	"teammatch_id": "2"
},

{
	"message": "Der 1. Spieler im Mixed von BC Feder 1 (BCFl13 Daniela1) sollte ein Herr sein - Spieler vertauscht?",
	"match_id": "24",
	"teammatch_id": "3"
}, {
	"message": "Der 2. Spieler im Mixed von BC Feder 1 (BCFl4 Daniel4) sollte eine Dame sein - Spieler vertauscht?",
	"match_id": "24",
	"teammatch_id": "3"
},


{
	"message": "Der 1. Spieler im Mixed von BC Feder 1 (BCFl13 Daniela1) sollte ein Herr sein - Spieler vertauscht?",
	"match_id": "32",
	"teammatch_id": "4"
}, {
	"message": "Der 2. Spieler im Mixed von BC Feder 1 (BCFl4 Daniel4) sollte eine Dame sein - Spieler vertauscht?",
	"match_id": "32",
	"teammatch_id": "4"
},
{
	"message": "Der 1. Spieler im Mixed von FV 1 (01-fv-f2 nachname 01-fv-f2 vorname) sollte ein Herr sein - Spieler vertauscht?",
	"match_id": "32",
	"teammatch_id": "4"
}, {
	"message": "Der 2. Spieler im Mixed von FV 1 (01-fv-m4 nachname 01-fv-m4 vorname) sollte eine Dame sein - Spieler vertauscht?",
	"match_id": "32",
	"teammatch_id": "4"
}

]