[

{
	"clubcode": "01-1009",
	"message": "Zu wenig (3) Spieler (inkl. Nachrücker) im Team TopTeam 2 (VRL 9 von Top Team) am 09.10.2016",
	"type": "vrl",
	"vrl_typeid": 9
},
{
	"clubcode": "01-1009",
	"message": "Zu wenig (3) Spieler (inkl. Nachrücker) im Team TopTeam 2 (VRL 9 von Top Team) am 21.10.2016",
	"type": "vrl",
	"vrl_typeid": 9
}

]