[
{
	"message": "Mannschaftsergebnis vor Spieldatum eingetragen (02.08.2016 17:00:00 vor 02.08.2016 18:00:00) - nicht eingetragene Vorverlegung?",
	"teammatch_id": "2"
},
{
	"message": "Detailergebnis vor Spieldatum eingetragen (04.08.2016 15:00:00 vor 04.08.2016 18:00:00) - nicht eingetragene Vorverlegung?",
	"teammatch_id": "4"
},

{
	"message": "Verbandsansetzung nicht Samstag 18:00, sondern Sa 06.08.2016 12:00:00",
	"teammatch_id": "17"
},
{
	"message": "Verbandsansetzung nicht Samstag 18:00, sondern So 07.08.2016 18:00:00",
	"teammatch_id": "18"
}


]