[

{
	"match_id": "132",
	"message": "Top Team 3 hat im 1. HE 42 Ballwechselpunkte erzielt, aber die angegebene Summe ist 43",
	"teammatch_id": "17"
},

{
	"match_id": "132",
	"message": "FV 1 hat im 1. HE 0 Ballwechselpunkte erzielt, aber die angegebene Summe ist 5",
	"teammatch_id": "17"
}


]