[

{
	"message": "Wettkampf ohne Kampf, aber Spieler in 1. HD, 2. HD, DD, 1. HE, 2. HE, 3. HE, DE, GD",
	"teammatch_id": "6"
},
{
  "message": "Wettkampf ohne Kampf, aber Spieler in 1. HD, 2. HD, DD, 1. HE, 2. HE, 3. HE, DE, GD",
  "teammatch_id": "7"
}

]